<div class="topcoat-button-bar">

  <div class="topcoat-button-bar__item">
    <button class="topcoat-button">Fwee</button>
  </div>

  <div class="topcoat-button-bar__item">
    <button class="topcoat-button">Fwi</button>
  </div>

  <div class="topcoat-button-bar__item">
    <button class="topcoat-button">Fwo</button>
  </div>

  <div class="topcoat-button-bar__item">
    <button class="topcoat-button">Fwum</button>
  </div>

</div>
